// Jest Snapshot v1, https://goo.gl/fbAQLP

exports[`Renders 1`] = `
<DocumentFragment>
  <div
    style="width: 100%; height: 100%;"
  >
    <div
      class="vis-network"
      style="position: relative; overflow: hidden; user-select: none; webkit-user-drag: none; -webkit-tap-highlight-color: rgba(0, 0, 0, 0); width: 100%; height: 100%;"
      tabindex="900"
    >
      <canvas
        height="0"
        style="position: relative; user-select: none; webkit-user-drag: none; -webkit-tap-highlight-color: rgba(0, 0, 0, 0); width: 100%; height: 100%;"
        width="0"
      />
    </div>
  </div>
</DocumentFragment>
`;

exports[`Renders react-vis-hooks Render provider 1`] = `
<DocumentFragment>
  <div
    style="width: 100%; height: 100%;"
  >
    <div
      class="vis-network"
      style="position: relative; overflow: hidden; user-select: none; webkit-user-drag: none; -webkit-tap-highlight-color: rgba(0, 0, 0, 0); width: 100%; height: 100%;"
      tabindex="900"
    >
      <canvas
        height="0"
        style="position: relative; user-select: none; webkit-user-drag: none; -webkit-tap-highlight-color: rgba(0, 0, 0, 0); width: 100%; height: 100%;"
        width="0"
      />
    </div>
  </div>
</DocumentFragment>
`;
